Archive member included to satisfy reference by file (symbol)

c:/st/stm32cubeide_1.3.0/stm32cubeide/plugins/com.st.stm32cube.ide.mcu.externaltools.gnu-tools-for-stm32.7-2018-q2-update.win32_1.0.0.201904181610/tools/bin/../lib/gcc/arm-none-eabi/7.3.1/../../../../arm-none-eabi/lib/thumb/v7e-m/fpv4-sp/hard\libc_nano.a(lib_a-errno.o)
                              Core/Src/syscalls.o (__errno)
c:/st/stm32cubeide_1.3.0/stm32cubeide/plugins/com.st.stm32cube.ide.mcu.externaltools.gnu-tools-for-stm32.7-2018-q2-update.win32_1.0.0.201904181610/tools/bin/../lib/gcc/arm-none-eabi/7.3.1/../../../../arm-none-eabi/lib/thumb/v7e-m/fpv4-sp/hard\libc_nano.a(lib_a-exit.o)
                              c:/st/stm32cubeide_1.3.0/stm32cubeide/plugins/com.st.stm32cube.ide.mcu.externaltools.gnu-tools-for-stm32.7-2018-q2-update.win32_1.0.0.201904181610/tools/bin/../lib/gcc/arm-none-eabi/7.3.1/../../../../arm-none-eabi/lib/thumb/v7e-m/fpv4-sp/hard/crt0.o (exit)
c:/st/stm32cubeide_1.3.0/stm32cubeide/plugins/com.st.stm32cube.ide.mcu.externaltools.gnu-tools-for-stm32.7-2018-q2-update.win32_1.0.0.201904181610/tools/bin/../lib/gcc/arm-none-eabi/7.3.1/../../../../arm-none-eabi/lib/thumb/v7e-m/fpv4-sp/hard\libc_nano.a(lib_a-impure.o)
                              c:/st/stm32cubeide_1.3.0/stm32cubeide/plugins/com.st.stm32cube.ide.mcu.externaltools.gnu-tools-for-stm32.7-2018-q2-update.win32_1.0.0.201904181610/tools/bin/../lib/gcc/arm-none-eabi/7.3.1/../../../../arm-none-eabi/lib/thumb/v7e-m/fpv4-sp/hard\libc_nano.a(lib_a-exit.o) (_global_impure_ptr)
c:/st/stm32cubeide_1.3.0/stm32cubeide/plugins/com.st.stm32cube.ide.mcu.externaltools.gnu-tools-for-stm32.7-2018-q2-update.win32_1.0.0.201904181610/tools/bin/../lib/gcc/arm-none-eabi/7.3.1/../../../../arm-none-eabi/lib/thumb/v7e-m/fpv4-sp/hard\libc_nano.a(lib_a-init.o)
                              c:/st/stm32cubeide_1.3.0/stm32cubeide/plugins/com.st.stm32cube.ide.mcu.externaltools.gnu-tools-for-stm32.7-2018-q2-update.win32_1.0.0.201904181610/tools/bin/../lib/gcc/arm-none-eabi/7.3.1/../../../../arm-none-eabi/lib/thumb/v7e-m/fpv4-sp/hard/crt0.o (__libc_init_array)
c:/st/stm32cubeide_1.3.0/stm32cubeide/plugins/com.st.stm32cube.ide.mcu.externaltools.gnu-tools-for-stm32.7-2018-q2-update.win32_1.0.0.201904181610/tools/bin/../lib/gcc/arm-none-eabi/7.3.1/../../../../arm-none-eabi/lib/thumb/v7e-m/fpv4-sp/hard\libc_nano.a(lib_a-memset.o)
                              c:/st/stm32cubeide_1.3.0/stm32cubeide/plugins/com.st.stm32cube.ide.mcu.externaltools.gnu-tools-for-stm32.7-2018-q2-update.win32_1.0.0.201904181610/tools/bin/../lib/gcc/arm-none-eabi/7.3.1/../../../../arm-none-eabi/lib/thumb/v7e-m/fpv4-sp/hard/crt0.o (memset)
c:/st/stm32cubeide_1.3.0/stm32cubeide/plugins/com.st.stm32cube.ide.mcu.externaltools.gnu-tools-for-stm32.7-2018-q2-update.win32_1.0.0.201904181610/tools/bin/../lib/gcc/arm-none-eabi/7.3.1/thumb/v7e-m/fpv4-sp/hard\libgcc.a(_arm_addsubdf3.o)
                              Core/Src/main.o (__aeabi_i2d)
c:/st/stm32cubeide_1.3.0/stm32cubeide/plugins/com.st.stm32cube.ide.mcu.externaltools.gnu-tools-for-stm32.7-2018-q2-update.win32_1.0.0.201904181610/tools/bin/../lib/gcc/arm-none-eabi/7.3.1/thumb/v7e-m/fpv4-sp/hard\libgcc.a(_arm_muldivdf3.o)
                              Core/Src/main.o (__aeabi_dmul)
c:/st/stm32cubeide_1.3.0/stm32cubeide/plugins/com.st.stm32cube.ide.mcu.externaltools.gnu-tools-for-stm32.7-2018-q2-update.win32_1.0.0.201904181610/tools/bin/../lib/gcc/arm-none-eabi/7.3.1/thumb/v7e-m/fpv4-sp/hard\libgcc.a(_arm_fixdfsi.o)
                              Core/Src/main.o (__aeabi_d2iz)
c:/st/stm32cubeide_1.3.0/stm32cubeide/plugins/com.st.stm32cube.ide.mcu.externaltools.gnu-tools-for-stm32.7-2018-q2-update.win32_1.0.0.201904181610/tools/bin/../lib/gcc/arm-none-eabi/7.3.1/thumb/v7e-m/fpv4-sp/hard\libgcc.a(_aeabi_uldivmod.o)
                              Drivers/STM32L4xx_HAL_Driver/Src/stm32l4xx_hal_uart.o (__aeabi_uldivmod)
c:/st/stm32cubeide_1.3.0/stm32cubeide/plugins/com.st.stm32cube.ide.mcu.externaltools.gnu-tools-for-stm32.7-2018-q2-update.win32_1.0.0.201904181610/tools/bin/../lib/gcc/arm-none-eabi/7.3.1/thumb/v7e-m/fpv4-sp/hard\libgcc.a(_udivmoddi4.o)
                              c:/st/stm32cubeide_1.3.0/stm32cubeide/plugins/com.st.stm32cube.ide.mcu.externaltools.gnu-tools-for-stm32.7-2018-q2-update.win32_1.0.0.201904181610/tools/bin/../lib/gcc/arm-none-eabi/7.3.1/thumb/v7e-m/fpv4-sp/hard\libgcc.a(_aeabi_uldivmod.o) (__udivmoddi4)
c:/st/stm32cubeide_1.3.0/stm32cubeide/plugins/com.st.stm32cube.ide.mcu.externaltools.gnu-tools-for-stm32.7-2018-q2-update.win32_1.0.0.201904181610/tools/bin/../lib/gcc/arm-none-eabi/7.3.1/thumb/v7e-m/fpv4-sp/hard\libgcc.a(_dvmd_tls.o)
                              c:/st/stm32cubeide_1.3.0/stm32cubeide/plugins/com.st.stm32cube.ide.mcu.externaltools.gnu-tools-for-stm32.7-2018-q2-update.win32_1.0.0.201904181610/tools/bin/../lib/gcc/arm-none-eabi/7.3.1/thumb/v7e-m/fpv4-sp/hard\libgcc.a(_aeabi_uldivmod.o) (__aeabi_ldiv0)

[...]
Memory Configuration

Name             Origin             Length             Attributes
RAM              0x0000000020000000 0x0000000000018000 xrw
RAM2             0x0000000010000000 0x0000000000008000 xrw
FLASH            0x0000000008000000 0x0000000000100000 xr
*default*        0x0000000000000000 0xffffffffffffffff

Linker script and memory map

LOAD c:/st/stm32cubeide_1.3.0/stm32cubeide/plugins/com.st.stm32cube.ide.mcu.externaltools.gnu-tools-for-stm32.7-2018-q2-update.win32_1.0.0.201904181610/tools/bin/../lib/gcc/arm-none-eabi/7.3.1/thumb/v7e-m/fpv4-sp/hard/crti.o
LOAD c:/st/stm32cubeide_1.3.0/stm32cubeide/plugins/com.st.stm32cube.ide.mcu.externaltools.gnu-tools-for-stm32.7-2018-q2-update.win32_1.0.0.201904181610/tools/bin/../lib/gcc/arm-none-eabi/7.3.1/thumb/v7e-m/fpv4-sp/hard/crtbegin.o
LOAD c:/st/stm32cubeide_1.3.0/stm32cubeide/plugins/com.st.stm32cube.ide.mcu.externaltools.gnu-tools-for-stm32.7-2018-q2-update.win32_1.0.0.201904181610/tools/bin/../lib/gcc/arm-none-eabi/7.3.1/../../../../arm-none-eabi/lib/thumb/v7e-m/fpv4-sp/hard/crt0.o
LOAD Core/Src/main.o
LOAD Core/Src/stm32l4xx_hal_msp.o
LOAD Core/Src/stm32l4xx_it.o
LOAD Core/Src/syscalls.o
LOAD Core/Src/sysmem.o
LOAD Core/Src/system_stm32l4xx.o
LOAD Core/Startup/startup_stm32l475vgtx.o
LOAD Drivers/STM32L4xx_HAL_Driver/Src/stm32l4xx_hal.o
LOAD Drivers/STM32L4xx_HAL_Driver/Src/stm32l4xx_hal_cortex.o
LOAD Drivers/STM32L4xx_HAL_Driver/Src/stm32l4xx_hal_dma.o
LOAD Drivers/STM32L4xx_HAL_Driver/Src/stm32l4xx_hal_dma_ex.o
LOAD Drivers/STM32L4xx_HAL_Driver/Src/stm32l4xx_hal_exti.o
LOAD Drivers/STM32L4xx_HAL_Driver/Src/stm32l4xx_hal_flash.o
LOAD Drivers/STM32L4xx_HAL_Driver/Src/stm32l4xx_hal_flash_ex.o
LOAD Drivers/STM32L4xx_HAL_Driver/Src/stm32l4xx_hal_flash_ramfunc.o
LOAD Drivers/STM32L4xx_HAL_Driver/Src/stm32l4xx_hal_gpio.o
LOAD Drivers/STM32L4xx_HAL_Driver/Src/stm32l4xx_hal_i2c.o
LOAD Drivers/STM32L4xx_HAL_Driver/Src/stm32l4xx_hal_i2c_ex.o
LOAD Drivers/STM32L4xx_HAL_Driver/Src/stm32l4xx_hal_pwr.o
LOAD Drivers/STM32L4xx_HAL_Driver/Src/stm32l4xx_hal_pwr_ex.o
LOAD Drivers/STM32L4xx_HAL_Driver/Src/stm32l4xx_hal_rcc.o
LOAD Drivers/STM32L4xx_HAL_Driver/Src/stm32l4xx_hal_rcc_ex.o
LOAD Drivers/STM32L4xx_HAL_Driver/Src/stm32l4xx_hal_tim.o
LOAD Drivers/STM32L4xx_HAL_Driver/Src/stm32l4xx_hal_tim_ex.o
LOAD Drivers/STM32L4xx_HAL_Driver/Src/stm32l4xx_hal_uart.o
LOAD Drivers/STM32L4xx_HAL_Driver/Src/stm32l4xx_hal_uart_ex.o
START GROUP
LOAD c:/st/stm32cubeide_1.3.0/stm32cubeide/plugins/com.st.stm32cube.ide.mcu.externaltools.gnu-tools-for-stm32.7-2018-q2-update.win32_1.0.0.201904181610/tools/bin/../lib/gcc/arm-none-eabi/7.3.1/../../../../arm-none-eabi/lib/thumb/v7e-m/fpv4-sp/hard\libc_nano.a
LOAD c:/st/stm32cubeide_1.3.0/stm32cubeide/plugins/com.st.stm32cube.ide.mcu.externaltools.gnu-tools-for-stm32.7-2018-q2-update.win32_1.0.0.201904181610/tools/bin/../lib/gcc/arm-none-eabi/7.3.1/../../../../arm-none-eabi/lib/thumb/v7e-m/fpv4-sp/hard\libm.a
END GROUP
START GROUP
LOAD c:/st/stm32cubeide_1.3.0/stm32cubeide/plugins/com.st.stm32cube.ide.mcu.externaltools.gnu-tools-for-stm32.7-2018-q2-update.win32_1.0.0.201904181610/tools/bin/../lib/gcc/arm-none-eabi/7.3.1/thumb/v7e-m/fpv4-sp/hard\libgcc.a
LOAD c:/st/stm32cubeide_1.3.0/stm32cubeide/plugins/com.st.stm32cube.ide.mcu.externaltools.gnu-tools-for-stm32.7-2018-q2-update.win32_1.0.0.201904181610/tools/bin/../lib/gcc/arm-none-eabi/7.3.1/../../../../arm-none-eabi/lib/thumb/v7e-m/fpv4-sp/hard\libc_nano.a
END GROUP
START GROUP
LOAD c:/st/stm32cubeide_1.3.0/stm32cubeide/plugins/com.st.stm32cube.ide.mcu.externaltools.gnu-tools-for-stm32.7-2018-q2-update.win32_1.0.0.201904181610/tools/bin/../lib/gcc/arm-none-eabi/7.3.1/thumb/v7e-m/fpv4-sp/hard\libgcc.a
LOAD c:/st/stm32cubeide_1.3.0/stm32cubeide/plugins/com.st.stm32cube.ide.mcu.externaltools.gnu-tools-for-stm32.7-2018-q2-update.win32_1.0.0.201904181610/tools/bin/../lib/gcc/arm-none-eabi/7.3.1/../../../../arm-none-eabi/lib/thumb/v7e-m/fpv4-sp/hard\libc_nano.a
LOAD c:/st/stm32cubeide_1.3.0/stm32cubeide/plugins/com.st.stm32cube.ide.mcu.externaltools.gnu-tools-for-stm32.7-2018-q2-update.win32_1.0.0.201904181610/tools/bin/../lib/gcc/arm-none-eabi/7.3.1/../../../../arm-none-eabi/lib/thumb/v7e-m/fpv4-sp/hard\libnosys.a
END GROUP
START GROUP
LOAD c:/st/stm32cubeide_1.3.0/stm32cubeide/plugins/com.st.stm32cube.ide.mcu.externaltools.gnu-tools-for-stm32.7-2018-q2-update.win32_1.0.0.201904181610/tools/bin/../lib/gcc/arm-none-eabi/7.3.1/thumb/v7e-m/fpv4-sp/hard\libgcc.a
LOAD c:/st/stm32cubeide_1.3.0/stm32cubeide/plugins/com.st.stm32cube.ide.mcu.externaltools.gnu-tools-for-stm32.7-2018-q2-update.win32_1.0.0.201904181610/tools/bin/../lib/gcc/arm-none-eabi/7.3.1/../../../../arm-none-eabi/lib/thumb/v7e-m/fpv4-sp/hard\libc_nano.a
LOAD c:/st/stm32cubeide_1.3.0/stm32cubeide/plugins/com.st.stm32cube.ide.mcu.externaltools.gnu-tools-for-stm32.7-2018-q2-update.win32_1.0.0.201904181610/tools/bin/../lib/gcc/arm-none-eabi/7.3.1/../../../../arm-none-eabi/lib/thumb/v7e-m/fpv4-sp/hard\libnosys.a
END GROUP
LOAD c:/st/stm32cubeide_1.3.0/stm32cubeide/plugins/com.st.stm32cube.ide.mcu.externaltools.gnu-tools-for-stm32.7-2018-q2-update.win32_1.0.0.201904181610/tools/bin/../lib/gcc/arm-none-eabi/7.3.1/thumb/v7e-m/fpv4-sp/hard/crtend.o
LOAD c:/st/stm32cubeide_1.3.0/stm32cubeide/plugins/com.st.stm32cube.ide.mcu.externaltools.gnu-tools-for-stm32.7-2018-q2-update.win32_1.0.0.201904181610/tools/bin/../lib/gcc/arm-none-eabi/7.3.1/thumb/v7e-m/fpv4-sp/hard/crtn.o
                0x0000000020018000                _estack = (ORIGIN (RAM) + LENGTH (RAM))
                0x0000000000000200                _Min_Heap_Size = 0x200
                0x0000000000000400                _Min_Stack_Size = 0x400

.isr_vector     0x0000000008000000      0x188
                0x0000000008000000                . = ALIGN (0x4)
 *(.isr_vector)
 .isr_vector    0x0000000008000000      0x188 Core/Startup/startup_stm32l475vgtx.o
                0x0000000008000000                g_pfnVectors
                0x0000000008000188                . = ALIGN (0x4)

.text           0x0000000008000188     0x51f8
                0x0000000008000188                . = ALIGN (0x4)
 *(.text)
 .text          0x0000000008000188       0x40 c:/st/stm32cubeide_1.3.0/stm32cubeide/plugins/com.st.stm32cube.ide.mcu.externaltools.gnu-tools-for-stm32.7-2018-q2-update.win32_1.0.0.201904181610/tools/bin/../lib/gcc/arm-none-eabi/7.3.1/thumb/v7e-m/fpv4-sp/hard/crtbegin.o
 .text          0x00000000080001c8      0x378 c:/st/stm32cubeide_1.3.0/stm32cubeide/plugins/com.st.stm32cube.ide.mcu.externaltools.gnu-tools-for-stm32.7-2018-q2-update.win32_1.0.0.201904181610/tools/bin/../lib/gcc/arm-none-eabi/7.3.1/thumb/v7e-m/fpv4-sp/hard\libgcc.a(_arm_addsubdf3.o)
                0x00000000080001c8                __aeabi_drsub
                0x00000000080001d0                __aeabi_dsub
                0x00000000080001d0                __subdf3
                0x00000000080001d4                __aeabi_dadd
                0x00000000080001d4                __adddf3
                0x000000000800044c                __floatunsidf
                0x000000000800044c                __aeabi_ui2d
                0x000000000800046c                __floatsidf
                0x000000000800046c                __aeabi_i2d
                0x0000000008000490                __aeabi_f2d
                0x0000000008000490                __extendsfdf2
                0x00000000080004d4                __floatundidf
                0x00000000080004d4                __aeabi_ul2d
                0x00000000080004e4                __floatdidf
                0x00000000080004e4                __aeabi_l2d
 .text          0x0000000008000540      0x424 c:/st/stm32cubeide_1.3.0/stm32cubeide/plugins/com.st.stm32cube.ide.mcu.externaltools.gnu-tools-for-stm32.7-2018-q2-update.win32_1.0.0.201904181610/tools/bin/../lib/gcc/arm-none-eabi/7.3.1/thumb/v7e-m/fpv4-sp/hard\libgcc.a(_arm_muldivdf3.o)
                0x0000000008000540                __aeabi_dmul
                0x0000000008000540                __muldf3
                0x0000000008000794                __divdf3
                0x0000000008000794                __aeabi_ddiv
 .text          0x0000000008000964       0x50 c:/st/stm32cubeide_1.3.0/stm32cubeide/plugins/com.st.stm32cube.ide.mcu.externaltools.gnu-tools-for-stm32.7-2018-q2-update.win32_1.0.0.201904181610/tools/bin/../lib/gcc/arm-none-eabi/7.3.1/thumb/v7e-m/fpv4-sp/hard\libgcc.a(_arm_fixdfsi.o)
                0x0000000008000964                __aeabi_d2iz
                0x0000000008000964                __fixdfsi
 .text          0x00000000080009b4       0x30 c:/st/stm32cubeide_1.3.0/stm32cubeide/plugins/com.st.stm32cube.ide.mcu.externaltools.gnu-tools-for-stm32.7-2018-q2-update.win32_1.0.0.201904181610/tools/bin/../lib/gcc/arm-none-eabi/7.3.1/thumb/v7e-m/fpv4-sp/hard\libgcc.a(_aeabi_uldivmod.o)
                0x00000000080009b4                __aeabi_uldivmod
 .text          0x00000000080009e4      0x2cc c:/st/stm32cubeide_1.3.0/stm32cubeide/plugins/com.st.stm32cube.ide.mcu.externaltools.gnu-tools-for-stm32.7-2018-q2-update.win32_1.0.0.201904181610/tools/bin/../lib/gcc/arm-none-eabi/7.3.1/thumb/v7e-m/fpv4-sp/hard\libgcc.a(_udivmoddi4.o)
                0x00000000080009e4                __udivmoddi4
 .text          0x0000000008000cb0        0x4 c:/st/stm32cubeide_1.3.0/stm32cubeide/plugins/com.st.stm32cube.ide.mcu.externaltools.gnu-tools-for-stm32.7-2018-q2-update.win32_1.0.0.201904181610/tools/bin/../lib/gcc/arm-none-eabi/7.3.1/thumb/v7e-m/fpv4-sp/hard\libgcc.a(_dvmd_tls.o)
                0x0000000008000cb0                __aeabi_idiv0
                0x0000000008000cb0                __aeabi_ldiv0
 *(.text*)
 .text.setMotorSpeed
                0x0000000008000cb4       0x64 Core/Src/main.o
                0x0000000008000cb4                setMotorSpeed
 .text.initAccelerometer
                0x0000000008000d18       0x30 Core/Src/main.o
                0x0000000008000d18                initAccelerometer
 .text.readAccel
                0x0000000008000d48       0xbc Core/Src/main.o
                0x0000000008000d48                readAccel
 .text.setServoPos
                0x0000000008000e04       0x48 Core/Src/main.o
                0x0000000008000e04                setServoPos
 .text.main     0x0000000008000e4c       0xb4 Core/Src/main.o
                0x0000000008000e4c                main
 .text.SystemClock_Config
                0x0000000008000f00       0xf2 Core/Src/main.o
                0x0000000008000f00                SystemClock_Config
 *fill*         0x0000000008000ff2        0x2 
 .text.MX_I2C2_Init
                0x0000000008000ff4       0x80 Core/Src/main.o
 .text.MX_TIM2_Init
                0x0000000008001074       0xc8 Core/Src/main.o
 .text.MX_TIM3_Init
                0x000000000800113c       0xb4 Core/Src/main.o
 .text.MX_USART1_UART_Init
                0x00000000080011f0       0x60 Core/Src/main.o
 .text.MX_GPIO_Init
                0x0000000008001250       0x48 Core/Src/main.o
 .text.Error_Handler
                0x0000000008001298        0xe Core/Src/main.o
                0x0000000008001298                Error_Handler
 *fill*         0x00000000080012a6        0x2 
 .text.HAL_MspInit
                0x00000000080012a8       0x48 Core/Src/stm32l4xx_hal_msp.o
                0x00000000080012a8                HAL_MspInit
 .text.HAL_I2C_MspInit
                0x00000000080012f0       0x88 Core/Src/stm32l4xx_hal_msp.o
                0x00000000080012f0                HAL_I2C_MspInit
 .text.HAL_TIM_PWM_MspInit
                0x0000000008001378       0x64 Core/Src/stm32l4xx_hal_msp.o
                0x0000000008001378                HAL_TIM_PWM_MspInit
 .text.HAL_TIM_MspPostInit
                0x00000000080013dc       0xb8 Core/Src/stm32l4xx_hal_msp.o
                0x00000000080013dc                HAL_TIM_MspPostInit
 .text.HAL_UART_MspInit
                0x0000000008001494       0x88 Core/Src/stm32l4xx_hal_msp.o
                0x0000000008001494                HAL_UART_MspInit
 .text.NMI_Handler
                0x000000000800151c        0xe Core/Src/stm32l4xx_it.o
                0x000000000800151c                NMI_Handler
 .text.HardFault_Handler
                0x000000000800152a        0x6 Core/Src/stm32l4xx_it.o
                0x000000000800152a                HardFault_Handler
 .text.MemManage_Handler
                0x0000000008001530        0x6 Core/Src/stm32l4xx_it.o
                0x0000000008001530                MemManage_Handler
 .text.BusFault_Handler
                0x0000000008001536        0x6 Core/Src/stm32l4xx_it.o
                0x0000000008001536                BusFault_Handler
 .text.UsageFault_Handler
                0x000000000800153c        0x6 Core/Src/stm32l4xx_it.o
                0x000000000800153c                UsageFault_Handler
 .text.SVC_Handler
                0x0000000008001542        0xe Core/Src/stm32l4xx_it.o
                0x0000000008001542                SVC_Handler
 .text.DebugMon_Handler
                0x0000000008001550        0xe Core/Src/stm32l4xx_it.o
                0x0000000008001550                DebugMon_Handler
 .text.PendSV_Handler
                0x000000000800155e        0xe Core/Src/stm32l4xx_it.o
                0x000000000800155e                PendSV_Handler
 .text.SysTick_Handler
                0x000000000800156c        0xc Core/Src/stm32l4xx_it.o
                0x000000000800156c                SysTick_Handler
 .text.SystemInit
                0x0000000008001578       0x6c Core/Src/system_stm32l4xx.o
                0x0000000008001578                SystemInit
 .text.Reset_Handler
                0x00000000080015e4       0x50 Core/Startup/startup_stm32l475vgtx.o
                0x00000000080015e4                Reset_Handler
 .text.Default_Handler
                0x0000000008001634        0x2 Core/Startup/startup_stm32l475vgtx.o
                0x0000000008001634                RTC_Alarm_IRQHandler
                0x0000000008001634                EXTI2_IRQHandler
                0x0000000008001634                TIM8_TRG_COM_IRQHandler
                0x0000000008001634                TIM8_CC_IRQHandler
                0x0000000008001634                TIM1_CC_IRQHandler
                0x0000000008001634                TSC_IRQHandler
                0x0000000008001634                TAMP_STAMP_IRQHandler
                0x0000000008001634                EXTI3_IRQHandler
                0x0000000008001634                LPTIM2_IRQHandler
                0x0000000008001634                DFSDM1_FLT1_IRQHandler
                0x0000000008001634                I2C3_ER_IRQHandler
                0x0000000008001634                DFSDM1_FLT2_IRQHandler
                0x0000000008001634                EXTI0_IRQHandler
                0x0000000008001634                I2C2_EV_IRQHandler
                0x0000000008001634                CAN1_RX0_IRQHandler
                0x0000000008001634                FPU_IRQHandler
                0x0000000008001634                TIM1_UP_TIM16_IRQHandler
                0x0000000008001634                ADC1_2_IRQHandler
                0x0000000008001634                SPI1_IRQHandler
                0x0000000008001634                TIM6_DAC_IRQHandler
                0x0000000008001634                TIM8_UP_IRQHandler
                0x0000000008001634                DMA2_Channel2_IRQHandler
                0x0000000008001634                DMA1_Channel4_IRQHandler
                0x0000000008001634                SAI2_IRQHandler
                0x0000000008001634                DFSDM1_FLT3_IRQHandler
                0x0000000008001634                USART3_IRQHandler
                0x0000000008001634                DMA1_Channel7_IRQHandler
                0x0000000008001634                CAN1_RX1_IRQHandler
                0x0000000008001634                UART5_IRQHandler
                0x0000000008001634                ADC3_IRQHandler
                0x0000000008001634                TIM4_IRQHandler
                0x0000000008001634                DMA2_Channel1_IRQHandler
                0x0000000008001634                QUADSPI_IRQHandler
                0x0000000008001634                I2C1_EV_IRQHandler
                0x0000000008001634                DMA1_Channel6_IRQHandler
                0x0000000008001634                UART4_IRQHandler
                0x0000000008001634                DMA2_Channel4_IRQHandler
                0x0000000008001634                TIM3_IRQHandler
                0x0000000008001634                RCC_IRQHandler
                0x0000000008001634                DMA1_Channel1_IRQHandler
                0x0000000008001634                Default_Handler
                0x0000000008001634                DMA2_Channel7_IRQHandler
                0x0000000008001634                EXTI15_10_IRQHandler
                0x0000000008001634                TIM7_IRQHandler
                0x0000000008001634                SDMMC1_IRQHandler
                0x0000000008001634                TIM5_IRQHandler
                0x0000000008001634                I2C3_EV_IRQHandler
                0x0000000008001634                EXTI9_5_IRQHandler
                0x0000000008001634                RTC_WKUP_IRQHandler
                0x0000000008001634                PVD_PVM_IRQHandler
                0x0000000008001634                SPI2_IRQHandler
                0x0000000008001634                CAN1_TX_IRQHandler
                0x0000000008001634                DMA2_Channel5_IRQHandler
                0x0000000008001634                DMA1_Channel5_IRQHandler
                0x0000000008001634                EXTI4_IRQHandler
                0x0000000008001634                RNG_IRQHandler
                0x0000000008001634                TIM1_TRG_COM_TIM17_IRQHandler
                0x0000000008001634                DMA1_Channel3_IRQHandler
                0x0000000008001634                COMP_IRQHandler
                0x0000000008001634                WWDG_IRQHandler
                0x0000000008001634                LPUART1_IRQHandler
                0x0000000008001634                DMA2_Channel6_IRQHandler
                0x0000000008001634                TIM2_IRQHandler
                0x0000000008001634                EXTI1_IRQHandler
                0x0000000008001634                USART2_IRQHandler
                0x0000000008001634                DFSDM1_FLT0_IRQHandler
                0x0000000008001634                I2C2_ER_IRQHandler
                0x0000000008001634                DMA1_Channel2_IRQHandler
                0x0000000008001634                TIM8_BRK_IRQHandler
                0x0000000008001634                CAN1_SCE_IRQHandler
                0x0000000008001634                FLASH_IRQHandler
                0x0000000008001634                USART1_IRQHandler
                0x0000000008001634                OTG_FS_IRQHandler
                0x0000000008001634                SPI3_IRQHandler
                0x0000000008001634                I2C1_ER_IRQHandler
                0x0000000008001634                FMC_IRQHandler
                0x0000000008001634                SWPMI1_IRQHandler
                0x0000000008001634                LPTIM1_IRQHandler
                0x0000000008001634                SAI1_IRQHandler
                0x0000000008001634                DMA2_Channel3_IRQHandler
                0x0000000008001634                TIM1_BRK_TIM15_IRQHandler
 .text.HAL_Init
                0x0000000008001636       0x30 Drivers/STM32L4xx_HAL_Driver/Src/stm32l4xx_hal.o
                0x0000000008001636                HAL_Init
 *fill*         0x0000000008001666        0x2 
 .text.HAL_InitTick
                0x0000000008001668       0x74 Drivers/STM32L4xx_HAL_Driver/Src/stm32l4xx_hal.o
                0x0000000008001668                HAL_InitTick
 .text.HAL_IncTick
                0x00000000080016dc       0x24 Drivers/STM32L4xx_HAL_Driver/Src/stm32l4xx_hal.o
                0x00000000080016dc                HAL_IncTick
 .text.HAL_GetTick
                0x0000000008001700       0x18 Drivers/STM32L4xx_HAL_Driver/Src/stm32l4xx_hal.o
                0x0000000008001700                HAL_GetTick
 .text.HAL_Delay
                0x0000000008001718       0x44 Drivers/STM32L4xx_HAL_Driver/Src/stm32l4xx_hal.o
                0x0000000008001718                HAL_Delay
 .text.__NVIC_SetPriorityGrouping
                0x000000000800175c       0x48 Drivers/STM32L4xx_HAL_Driver/Src/stm32l4xx_hal_cortex.o
 .text.__NVIC_GetPriorityGrouping
                0x00000000080017a4       0x1c Drivers/STM32L4xx_HAL_Driver/Src/stm32l4xx_hal_cortex.o
 .text.__NVIC_SetPriority
                0x00000000080017c0       0x54 Drivers/STM32L4xx_HAL_Driver/Src/stm32l4xx_hal_cortex.o
 .text.NVIC_EncodePriority
                0x0000000008001814       0x66 Drivers/STM32L4xx_HAL_Driver/Src/stm32l4xx_hal_cortex.o
 *fill*         0x000000000800187a        0x2 
 .text.SysTick_Config
                0x000000000800187c       0x44 Drivers/STM32L4xx_HAL_Driver/Src/stm32l4xx_hal_cortex.o
 .text.HAL_NVIC_SetPriorityGrouping
                0x00000000080018c0       0x16 Drivers/STM32L4xx_HAL_Driver/Src/stm32l4xx_hal_cortex.o
                0x00000000080018c0                HAL_NVIC_SetPriorityGrouping
 .text.HAL_NVIC_SetPriority
                0x00000000080018d6       0x38 Drivers/STM32L4xx_HAL_Driver/Src/stm32l4xx_hal_cortex.o
                0x00000000080018d6                HAL_NVIC_SetPriority
 .text.HAL_SYSTICK_Config
                0x000000000800190e       0x18 Drivers/STM32L4xx_HAL_Driver/Src/stm32l4xx_hal_cortex.o
                0x000000000800190e                HAL_SYSTICK_Config
 *fill*         0x0000000008001926        0x2 
 .text.HAL_GPIO_Init
                0x0000000008001928      0x350 Drivers/STM32L4xx_HAL_Driver/Src/stm32l4xx_hal_gpio.o
                0x0000000008001928                HAL_GPIO_Init
 .text.HAL_I2C_Init
                0x0000000008001c78      0x11e Drivers/STM32L4xx_HAL_Driver/Src/stm32l4xx_hal_i2c.o
                0x0000000008001c78                HAL_I2C_Init
 *fill*         0x0000000008001d96        0x2 
 .text.HAL_I2C_Mem_Write
                0x0000000008001d98      0x228 Drivers/STM32L4xx_HAL_Driver/Src/stm32l4xx_hal_i2c.o
                0x0000000008001d98                HAL_I2C_Mem_Write
 .text.HAL_I2C_Mem_Read
                0x0000000008001fc0      0x234 Drivers/STM32L4xx_HAL_Driver/Src/stm32l4xx_hal_i2c.o
                0x0000000008001fc0                HAL_I2C_Mem_Read
 .text.I2C_RequestMemoryWrite
                0x00000000080021f4       0xa8 Drivers/STM32L4xx_HAL_Driver/Src/stm32l4xx_hal_i2c.o
 .text.I2C_RequestMemoryRead
                0x000000000800229c       0xa8 Drivers/STM32L4xx_HAL_Driver/Src/stm32l4xx_hal_i2c.o
 .text.I2C_Flush_TXDR
                0x0000000008002344       0x48 Drivers/STM32L4xx_HAL_Driver/Src/stm32l4xx_hal_i2c.o
 .text.I2C_WaitOnFlagUntilTimeout
                0x000000000800238c       0x80 Drivers/STM32L4xx_HAL_Driver/Src/stm32l4xx_hal_i2c.o
 .text.I2C_WaitOnTXISFlagUntilTimeout
                0x000000000800240c       0x80 Drivers/STM32L4xx_HAL_Driver/Src/stm32l4xx_hal_i2c.o
 .text.I2C_WaitOnSTOPFlagUntilTimeout
                0x000000000800248c       0x78 Drivers/STM32L4xx_HAL_Driver/Src/stm32l4xx_hal_i2c.o
 .text.I2C_IsAcknowledgeFailed
                0x0000000008002504       0xcc Drivers/STM32L4xx_HAL_Driver/Src/stm32l4xx_hal_i2c.o
 .text.I2C_TransferConfig
                0x00000000080025d0       0x5c Drivers/STM32L4xx_HAL_Driver/Src/stm32l4xx_hal_i2c.o
 .text.HAL_I2CEx_ConfigAnalogFilter
                0x000000000800262c       0x96 Drivers/STM32L4xx_HAL_Driver/Src/stm32l4xx_hal_i2c_ex.o
                0x000000000800262c                HAL_I2CEx_ConfigAnalogFilter
 .text.HAL_I2CEx_ConfigDigitalFilter
                0x00000000080026c2       0x98 Drivers/STM32L4xx_HAL_Driver/Src/stm32l4xx_hal_i2c_ex.o
                0x00000000080026c2                HAL_I2CEx_ConfigDigitalFilter
 *fill*         0x000000000800275a        0x2 
 .text.HAL_PWREx_GetVoltageRange
                0x000000000800275c       0x1c Drivers/STM32L4xx_HAL_Driver/Src/stm32l4xx_hal_pwr_ex.o
                0x000000000800275c                HAL_PWREx_GetVoltageRange
 .text.HAL_PWREx_ControlVoltageScaling
                0x0000000008002778       0xac Drivers/STM32L4xx_HAL_Driver/Src/stm32l4xx_hal_pwr_ex.o
                0x0000000008002778                HAL_PWREx_ControlVoltageScaling
 .text.HAL_RCC_OscConfig
                0x0000000008002824      0x7cc Drivers/STM32L4xx_HAL_Driver/Src/stm32l4xx_hal_rcc.o
                0x0000000008002824                HAL_RCC_OscConfig
 .text.HAL_RCC_ClockConfig
                0x0000000008002ff0      0x1c4 Drivers/STM32L4xx_HAL_Driver/Src/stm32l4xx_hal_rcc.o
                0x0000000008002ff0                HAL_RCC_ClockConfig
 .text.HAL_RCC_GetSysClockFreq
                0x00000000080031b4      0x114 Drivers/STM32L4xx_HAL_Driver/Src/stm32l4xx_hal_rcc.o
                0x00000000080031b4                HAL_RCC_GetSysClockFreq
 .text.HAL_RCC_GetHCLKFreq
                0x00000000080032c8       0x18 Drivers/STM32L4xx_HAL_Driver/Src/stm32l4xx_hal_rcc.o
                0x00000000080032c8                HAL_RCC_GetHCLKFreq
 .text.HAL_RCC_GetPCLK1Freq
                0x00000000080032e0       0x2c Drivers/STM32L4xx_HAL_Driver/Src/stm32l4xx_hal_rcc.o
                0x00000000080032e0                HAL_RCC_GetPCLK1Freq
 .text.HAL_RCC_GetPCLK2Freq
                0x000000000800330c       0x2c Drivers/STM32L4xx_HAL_Driver/Src/stm32l4xx_hal_rcc.o
                0x000000000800330c                HAL_RCC_GetPCLK2Freq
 .text.RCC_SetFlashLatencyFromMSIRange
                0x0000000008003338       0xc0 Drivers/STM32L4xx_HAL_Driver/Src/stm32l4xx_hal_rcc.o
 .text.HAL_RCCEx_PeriphCLKConfig
                0x00000000080033f8      0x5cc Drivers/STM32L4xx_HAL_Driver/Src/stm32l4xx_hal_rcc_ex.o
                0x00000000080033f8                HAL_RCCEx_PeriphCLKConfig
 .text.RCCEx_PLLSAI1_Config
                0x00000000080039c4      0x1e0 Drivers/STM32L4xx_HAL_Driver/Src/stm32l4xx_hal_rcc_ex.o
 .text.RCCEx_PLLSAI2_Config
                0x0000000008003ba4      0x1b4 Drivers/STM32L4xx_HAL_Driver/Src/stm32l4xx_hal_rcc_ex.o
 .text.HAL_TIM_PWM_Init
                0x0000000008003d58       0x56 Drivers/STM32L4xx_HAL_Driver/Src/stm32l4xx_hal_tim.o
                0x0000000008003d58                HAL_TIM_PWM_Init
 *fill*         0x0000000008003dae        0x2 
 .text.HAL_TIM_PWM_Start
                0x0000000008003db0       0xb0 Drivers/STM32L4xx_HAL_Driver/Src/stm32l4xx_hal_tim.o
                0x0000000008003db0                HAL_TIM_PWM_Start
 .text.HAL_TIM_PWM_ConfigChannel
                0x0000000008003e60      0x230 Drivers/STM32L4xx_HAL_Driver/Src/stm32l4xx_hal_tim.o
                0x0000000008003e60                HAL_TIM_PWM_ConfigChannel
 .text.TIM_Base_SetConfig
                0x0000000008004090      0x134 Drivers/STM32L4xx_HAL_Driver/Src/stm32l4xx_hal_tim.o
                0x0000000008004090                TIM_Base_SetConfig
 .text.TIM_OC1_SetConfig
                0x00000000080041c4      0x120 Drivers/STM32L4xx_HAL_Driver/Src/stm32l4xx_hal_tim.o
 .text.TIM_OC2_SetConfig
                0x00000000080042e4      0x114 Drivers/STM32L4xx_HAL_Driver/Src/stm32l4xx_hal_tim.o
                0x00000000080042e4                TIM_OC2_SetConfig
 .text.TIM_OC3_SetConfig
                0x00000000080043f8      0x110 Drivers/STM32L4xx_HAL_Driver/Src/stm32l4xx_hal_tim.o
 .text.TIM_OC4_SetConfig
                0x0000000008004508       0xd4 Drivers/STM32L4xx_HAL_Driver/Src/stm32l4xx_hal_tim.o
 .text.TIM_OC5_SetConfig
                0x00000000080045dc       0xc8 Drivers/STM32L4xx_HAL_Driver/Src/stm32l4xx_hal_tim.o
 .text.TIM_OC6_SetConfig
                0x00000000080046a4       0xcc Drivers/STM32L4xx_HAL_Driver/Src/stm32l4xx_hal_tim.o
 .text.TIM_CCxChannelCmd
                0x0000000008004770       0x4a Drivers/STM32L4xx_HAL_Driver/Src/stm32l4xx_hal_tim.o
                0x0000000008004770                TIM_CCxChannelCmd
 *fill*         0x00000000080047ba        0x2 
 .text.HAL_TIMEx_MasterConfigSynchronization
                0x00000000080047bc      0x110 Drivers/STM32L4xx_HAL_Driver/Src/stm32l4xx_hal_tim_ex.o
                0x00000000080047bc                HAL_TIMEx_MasterConfigSynchronization
 .text.HAL_UART_Init
                0x00000000080048cc       0x9c Drivers/STM32L4xx_HAL_Driver/Src/stm32l4xx_hal_uart.o
                0x00000000080048cc                HAL_UART_Init
 .text.UART_SetConfig
                0x0000000008004968      0x6e4 Drivers/STM32L4xx_HAL_Driver/Src/stm32l4xx_hal_uart.o
                0x0000000008004968                UART_SetConfig
 .text.UART_AdvFeatureConfig
                0x000000000800504c      0x144 Drivers/STM32L4xx_HAL_Driver/Src/stm32l4xx_hal_uart.o
                0x000000000800504c                UART_AdvFeatureConfig
 .text.UART_CheckIdleState
                0x0000000008005190       0x8a Drivers/STM32L4xx_HAL_Driver/Src/stm32l4xx_hal_uart.o
                0x0000000008005190                UART_CheckIdleState
 .text.UART_WaitOnFlagUntilTimeout
                0x000000000800521a       0xf6 Drivers/STM32L4xx_HAL_Driver/Src/stm32l4xx_hal_uart.o
                0x000000000800521a                UART_WaitOnFlagUntilTimeout
 .text.__libc_init_array
                0x0000000008005310       0x48 c:/st/stm32cubeide_1.3.0/stm32cubeide/plugins/com.st.stm32cube.ide.mcu.externaltools.gnu-tools-for-stm32.7-2018-q2-update.win32_1.0.0.201904181610/tools/bin/../lib/gcc/arm-none-eabi/7.3.1/../../../../arm-none-eabi/lib/thumb/v7e-m/fpv4-sp/hard\libc_nano.a(lib_a-init.o)
                0x0000000008005310                __libc_init_array
 .text.memset   0x0000000008005358       0x10 c:/st/stm32cubeide_1.3.0/stm32cubeide/plugins/com.st.stm32cube.ide.mcu.externaltools.gnu-tools-for-stm32.7-2018-q2-update.win32_1.0.0.201904181610/tools/bin/../lib/gcc/arm-none-eabi/7.3.1/../../../../arm-none-eabi/lib/thumb/v7e-m/fpv4-sp/hard\libc_nano.a(lib_a-memset.o)
                0x0000000008005358                memset
 *(.glue_7)
 .glue_7        0x0000000008005368        0x0 linker stubs
 *(.glue_7t)
 .glue_7t       0x0000000008005368        0x0 linker stubs
 *(.eh_frame)
 .eh_frame      0x0000000008005368        0x0 c:/st/stm32cubeide_1.3.0/stm32cubeide/plugins/com.st.stm32cube.ide.mcu.externaltools.gnu-tools-for-stm32.7-2018-q2-update.win32_1.0.0.201904181610/tools/bin/../lib/gcc/arm-none-eabi/7.3.1/thumb/v7e-m/fpv4-sp/hard/crtbegin.o
 *(.init)
 .init          0x0000000008005368        0x4 c:/st/stm32cubeide_1.3.0/stm32cubeide/plugins/com.st.stm32cube.ide.mcu.externaltools.gnu-tools-for-stm32.7-2018-q2-update.win32_1.0.0.201904181610/tools/bin/../lib/gcc/arm-none-eabi/7.3.1/thumb/v7e-m/fpv4-sp/hard/crti.o
                0x0000000008005368                _init
 .init          0x000000000800536c        0x8 c:/st/stm32cubeide_1.3.0/stm32cubeide/plugins/com.st.stm32cube.ide.mcu.externaltools.gnu-tools-for-stm32.7-2018-q2-update.win32_1.0.0.201904181610/tools/bin/../lib/gcc/arm-none-eabi/7.3.1/thumb/v7e-m/fpv4-sp/hard/crtn.o
 *(.fini)
 .fini          0x0000000008005374        0x4 c:/st/stm32cubeide_1.3.0/stm32cubeide/plugins/com.st.stm32cube.ide.mcu.externaltools.gnu-tools-for-stm32.7-2018-q2-update.win32_1.0.0.201904181610/tools/bin/../lib/gcc/arm-none-eabi/7.3.1/thumb/v7e-m/fpv4-sp/hard/crti.o
                0x0000000008005374                _fini
 .fini          0x0000000008005378        0x8 c:/st/stm32cubeide_1.3.0/stm32cubeide/plugins/com.st.stm32cube.ide.mcu.externaltools.gnu-tools-for-stm32.7-2018-q2-update.win32_1.0.0.201904181610/tools/bin/../lib/gcc/arm-none-eabi/7.3.1/thumb/v7e-m/fpv4-sp/hard/crtn.o
                0x0000000008005380                . = ALIGN (0x4)
                0x0000000008005380                _etext = .

.vfp11_veneer   0x0000000008005380        0x0
 .vfp11_veneer  0x0000000008005380        0x0 linker stubs

.v4_bx          0x0000000008005380        0x0
 .v4_bx         0x0000000008005380        0x0 linker stubs

.iplt           0x0000000008005380        0x0
 .iplt          0x0000000008005380        0x0 c:/st/stm32cubeide_1.3.0/stm32cubeide/plugins/com.st.stm32cube.ide.mcu.externaltools.gnu-tools-for-stm32.7-2018-q2-update.win32_1.0.0.201904181610/tools/bin/../lib/gcc/arm-none-eabi/7.3.1/thumb/v7e-m/fpv4-sp/hard/crtbegin.o

.rodata         0x0000000008005380       0x48
                0x0000000008005380                . = ALIGN (0x4)
 *(.rodata)
 *(.rodata*)
 .rodata.AHBPrescTable
                0x0000000008005380       0x10 Core/Src/system_stm32l4xx.o
                0x0000000008005380                AHBPrescTable
 .rodata.APBPrescTable
                0x0000000008005390        0x8 Core/Src/system_stm32l4xx.o
                0x0000000008005390                APBPrescTable
 .rodata.MSIRangeTable
                0x0000000008005398       0x30 Core/Src/system_stm32l4xx.o
                0x0000000008005398                MSIRangeTable
                0x00000000080053c8                . = ALIGN (0x4)

.ARM.extab      0x00000000080053c8        0x0
                0x00000000080053c8                . = ALIGN (0x4)
 *(.ARM.extab* .gnu.linkonce.armextab.*)
                0x00000000080053c8                . = ALIGN (0x4)

.ARM            0x00000000080053c8        0x8
                0x00000000080053c8                . = ALIGN (0x4)
                0x00000000080053c8                __exidx_start = .
 *(.ARM.exidx*)
 .ARM.exidx     0x00000000080053c8        0x8 c:/st/stm32cubeide_1.3.0/stm32cubeide/plugins/com.st.stm32cube.ide.mcu.externaltools.gnu-tools-for-stm32.7-2018-q2-update.win32_1.0.0.201904181610/tools/bin/../lib/gcc/arm-none-eabi/7.3.1/thumb/v7e-m/fpv4-sp/hard\libgcc.a(_udivmoddi4.o)
                0x00000000080053d0                __exidx_end = .
                0x00000000080053d0                . = ALIGN (0x4)

.rel.dyn        0x00000000080053d0        0x0
 .rel.iplt      0x00000000080053d0        0x0 c:/st/stm32cubeide_1.3.0/stm32cubeide/plugins/com.st.stm32cube.ide.mcu.externaltools.gnu-tools-for-stm32.7-2018-q2-update.win32_1.0.0.201904181610/tools/bin/../lib/gcc/arm-none-eabi/7.3.1/thumb/v7e-m/fpv4-sp/hard/crtbegin.o

.preinit_array  0x00000000080053d0        0x0
                0x00000000080053d0                . = ALIGN (0x4)
                0x00000000080053d0                PROVIDE (__preinit_array_start = .)
 *(.preinit_array*)
                0x00000000080053d0                PROVIDE (__preinit_array_end = .)
                0x00000000080053d0                . = ALIGN (0x4)

.init_array     0x00000000080053d0        0x4
                0x00000000080053d0                . = ALIGN (0x4)
                0x00000000080053d0                PROVIDE (__init_array_start = .)
 *(SORT_BY_NAME(.init_array.*))
 *(.init_array*)
 .init_array    0x00000000080053d0        0x4 c:/st/stm32cubeide_1.3.0/stm32cubeide/plugins/com.st.stm32cube.ide.mcu.externaltools.gnu-tools-for-stm32.7-2018-q2-update.win32_1.0.0.201904181610/tools/bin/../lib/gcc/arm-none-eabi/7.3.1/thumb/v7e-m/fpv4-sp/hard/crtbegin.o
                0x00000000080053d4                PROVIDE (__init_array_end = .)
                0x00000000080053d4                . = ALIGN (0x4)

.fini_array     0x00000000080053d4        0x4
                0x00000000080053d4                . = ALIGN (0x4)
                [!provide]                        PROVIDE (__fini_array_start = .)
 *(SORT_BY_NAME(.fini_array.*))
 *(.fini_array*)
 .fini_array    0x00000000080053d4        0x4 c:/st/stm32cubeide_1.3.0/stm32cubeide/plugins/com.st.stm32cube.ide.mcu.externaltools.gnu-tools-for-stm32.7-2018-q2-update.win32_1.0.0.201904181610/tools/bin/../lib/gcc/arm-none-eabi/7.3.1/thumb/v7e-m/fpv4-sp/hard/crtbegin.o
                [!provide]                        PROVIDE (__fini_array_end = .)
                0x00000000080053d8                . = ALIGN (0x4)
                0x00000000080053d8                _sidata = LOADADDR (.data)

.data           0x0000000020000000        0xc load address 0x00000000080053d8
                0x0000000020000000                . = ALIGN (0x4)
                0x0000000020000000                _sdata = .
 *(.data)
 *(.data*)
 .data.SystemCoreClock
                0x0000000020000000        0x4 Core/Src/system_stm32l4xx.o
                0x0000000020000000                SystemCoreClock
 .data.uwTickPrio
                0x0000000020000004        0x4 Drivers/STM32L4xx_HAL_Driver/Src/stm32l4xx_hal.o
                0x0000000020000004                uwTickPrio
 .data.uwTickFreq
                0x0000000020000008        0x4 Drivers/STM32L4xx_HAL_Driver/Src/stm32l4xx_hal.o
                0x0000000020000008                uwTickFreq
                0x000000002000000c                . = ALIGN (0x4)
                0x000000002000000c                _edata = .

.igot.plt       0x000000002000000c        0x0 load address 0x00000000080053e4
 .igot.plt      0x000000002000000c        0x0 c:/st/stm32cubeide_1.3.0/stm32cubeide/plugins/com.st.stm32cube.ide.mcu.externaltools.gnu-tools-for-stm32.7-2018-q2-update.win32_1.0.0.201904181610/tools/bin/../lib/gcc/arm-none-eabi/7.3.1/thumb/v7e-m/fpv4-sp/hard/crtbegin.o
                0x000000002000000c                . = ALIGN (0x4)

.bss            0x000000002000000c      0x16c load address 0x00000000080053e4
                0x000000002000000c                _sbss = .
                0x000000002000000c                __bss_start__ = _sbss
 *(.bss)
 .bss           0x000000002000000c       0x1c c:/st/stm32cubeide_1.3.0/stm32cubeide/plugins/com.st.stm32cube.ide.mcu.externaltools.gnu-tools-for-stm32.7-2018-q2-update.win32_1.0.0.201904181610/tools/bin/../lib/gcc/arm-none-eabi/7.3.1/thumb/v7e-m/fpv4-sp/hard/crtbegin.o
 *(.bss*)
 *(COMMON)
 COMMON         0x0000000020000028      0x14c Core/Src/main.o
                0x0000000020000028                hi2c2
                0x0000000020000074                htim3
                0x00000000200000b4                huart1
                0x0000000020000134                htim2
 COMMON         0x0000000020000174        0x4 Drivers/STM32L4xx_HAL_Driver/Src/stm32l4xx_hal.o
                0x0000000020000174                uwTick
                0x0000000020000178                . = ALIGN (0x4)
                0x0000000020000178                _ebss = .
                0x0000000020000178                __bss_end__ = _ebss

._user_heap_stack
                0x0000000020000178      0x600 load address 0x00000000080053e4
                0x0000000020000178                . = ALIGN (0x8)
                0x0000000020000178                PROVIDE (end = .)
                [!provide]                        PROVIDE (_end = .)
                0x0000000020000378                . = (. + _Min_Heap_Size)
 *fill*         0x0000000020000178      0x200 
                0x0000000020000778                . = (. + _Min_Stack_Size)
 *fill*         0x0000000020000378      0x400 
                0x0000000020000778                . = ALIGN (0x8)

/DISCARD/
 libc.a(*)
 libm.a(*)
 libgcc.a(*)

.ARM.attributes
                0x0000000000000000       0x30
 *(.ARM.attributes)
 .ARM.attributes
                0x0000000000000000       0x22 c:/st/stm32cubeide_1.3.0/stm32cubeide/plugins/com.st.stm32cube.ide.mcu.externaltools.gnu-tools-for-stm32.7-2018-q2-update.win32_1.0.0.201904181610/tools/bin/../lib/gcc/arm-none-eabi/7.3.1/thumb/v7e-m/fpv4-sp/hard/crti.o
 .ARM.attributes
                0x0000000000000022       0x34 c:/st/stm32cubeide_1.3.0/stm32cubeide/plugins/com.st.stm32cube.ide.mcu.externaltools.gnu-tools-for-stm32.7-2018-q2-update.win32_1.0.0.201904181610/tools/bin/../lib/gcc/arm-none-eabi/7.3.1/thumb/v7e-m/fpv4-sp/hard/crtbegin.o
 .ARM.attributes
                0x0000000000000056       0x39 Core/Src/main.o
 .ARM.attributes
                0x000000000000008f       0x39 Core/Src/stm32l4xx_hal_msp.o
 .ARM.attributes
                0x00000000000000c8       0x39 Core/Src/stm32l4xx_it.o
 .ARM.attributes
                0x0000000000000101       0x39 Core/Src/system_stm32l4xx.o
 .ARM.attributes
                0x000000000000013a       0x21 Core/Startup/startup_stm32l475vgtx.o
 .ARM.attributes
                0x000000000000015b       0x39 Drivers/STM32L4xx_HAL_Driver/Src/stm32l4xx_hal.o
 .ARM.attributes
                0x0000000000000194       0x39 Drivers/STM32L4xx_HAL_Driver/Src/stm32l4xx_hal_cortex.o
 .ARM.attributes
                0x00000000000001cd       0x39 Drivers/STM32L4xx_HAL_Driver/Src/stm32l4xx_hal_gpio.o
 .ARM.attributes
                0x0000000000000206       0x39 Drivers/STM32L4xx_HAL_Driver/Src/stm32l4xx_hal_i2c.o
 .ARM.attributes
                0x000000000000023f       0x39 Drivers/STM32L4xx_HAL_Driver/Src/stm32l4xx_hal_i2c_ex.o
 .ARM.attributes
                0x0000000000000278       0x39 Drivers/STM32L4xx_HAL_Driver/Src/stm32l4xx_hal_pwr_ex.o
 .ARM.attributes
                0x00000000000002b1       0x39 Drivers/STM32L4xx_HAL_Driver/Src/stm32l4xx_hal_rcc.o
 .ARM.attributes
                0x00000000000002ea       0x39 Drivers/STM32L4xx_HAL_Driver/Src/stm32l4xx_hal_rcc_ex.o
 .ARM.attributes
                0x0000000000000323       0x39 Drivers/STM32L4xx_HAL_Driver/Src/stm32l4xx_hal_tim.o
 .ARM.attributes
                0x000000000000035c       0x39 Drivers/STM32L4xx_HAL_Driver/Src/stm32l4xx_hal_tim_ex.o
 .ARM.attributes
                0x0000000000000395       0x39 Drivers/STM32L4xx_HAL_Driver/Src/stm32l4xx_hal_uart.o
 .ARM.attributes
                0x00000000000003ce       0x34 c:/st/stm32cubeide_1.3.0/stm32cubeide/plugins/com.st.stm32cube.ide.mcu.externaltools.gnu-tools-for-stm32.7-2018-q2-update.win32_1.0.0.201904181610/tools/bin/../lib/gcc/arm-none-eabi/7.3.1/../../../../arm-none-eabi/lib/thumb/v7e-m/fpv4-sp/hard\libc_nano.a(lib_a-init.o)
 .ARM.attributes
                0x0000000000000402       0x34 c:/st/stm32cubeide_1.3.0/stm32cubeide/plugins/com.st.stm32cube.ide.mcu.externaltools.gnu-tools-for-stm32.7-2018-q2-update.win32_1.0.0.201904181610/tools/bin/../lib/gcc/arm-none-eabi/7.3.1/../../../../arm-none-eabi/lib/thumb/v7e-m/fpv4-sp/hard\libc_nano.a(lib_a-memset.o)
 .ARM.attributes
                0x0000000000000436       0x22 c:/st/stm32cubeide_1.3.0/stm32cubeide/plugins/com.st.stm32cube.ide.mcu.externaltools.gnu-tools-for-stm32.7-2018-q2-update.win32_1.0.0.201904181610/tools/bin/../lib/gcc/arm-none-eabi/7.3.1/thumb/v7e-m/fpv4-sp/hard\libgcc.a(_arm_addsubdf3.o)
 .ARM.attributes
                0x0000000000000458       0x22 c:/st/stm32cubeide_1.3.0/stm32cubeide/plugins/com.st.stm32cube.ide.mcu.externaltools.gnu-tools-for-stm32.7-2018-q2-update.win32_1.0.0.201904181610/tools/bin/../lib/gcc/arm-none-eabi/7.3.1/thumb/v7e-m/fpv4-sp/hard\libgcc.a(_arm_muldivdf3.o)
 .ARM.attributes
                0x000000000000047a       0x22 c:/st/stm32cubeide_1.3.0/stm32cubeide/plugins/com.st.stm32cube.ide.mcu.externaltools.gnu-tools-for-stm32.7-2018-q2-update.win32_1.0.0.201904181610/tools/bin/../lib/gcc/arm-none-eabi/7.3.1/thumb/v7e-m/fpv4-sp/hard\libgcc.a(_arm_fixdfsi.o)
 .ARM.attributes
                0x000000000000049c       0x22 c:/st/stm32cubeide_1.3.0/stm32cubeide/plugins/com.st.stm32cube.ide.mcu.externaltools.gnu-tools-for-stm32.7-2018-q2-update.win32_1.0.0.201904181610/tools/bin/../lib/gcc/arm-none-eabi/7.3.1/thumb/v7e-m/fpv4-sp/hard\libgcc.a(_aeabi_uldivmod.o)
 .ARM.attributes
                0x00000000000004be       0x34 c:/st/stm32cubeide_1.3.0/stm32cubeide/plugins/com.st.stm32cube.ide.mcu.externaltools.gnu-tools-for-stm32.7-2018-q2-update.win32_1.0.0.201904181610/tools/bin/../lib/gcc/arm-none-eabi/7.3.1/thumb/v7e-m/fpv4-sp/hard\libgcc.a(_udivmoddi4.o)
 .ARM.attributes
                0x00000000000004f2       0x22 c:/st/stm32cubeide_1.3.0/stm32cubeide/plugins/com.st.stm32cube.ide.mcu.externaltools.gnu-tools-for-stm32.7-2018-q2-update.win32_1.0.0.201904181610/tools/bin/../lib/gcc/arm-none-eabi/7.3.1/thumb/v7e-m/fpv4-sp/hard\libgcc.a(_dvmd_tls.o)
 .ARM.attributes
                0x0000000000000514       0x22 c:/st/stm32cubeide_1.3.0/stm32cubeide/plugins/com.st.stm32cube.ide.mcu.externaltools.gnu-tools-for-stm32.7-2018-q2-update.win32_1.0.0.201904181610/tools/bin/../lib/gcc/arm-none-eabi/7.3.1/thumb/v7e-m/fpv4-sp/hard/crtn.o
OUTPUT(Practica4.elf elf32-littlearm)

.debug_info     0x0000000000000000     0xfc8a
 .debug_info    0x0000000000000000     0x15bd Core/Src/main.o
 .debug_info    0x00000000000015bd     0x1287 Core/Src/stm32l4xx_hal_msp.o
 .debug_info    0x0000000000002844      0x318 Core/Src/stm32l4xx_it.o
 .debug_info    0x0000000000002b5c      0x6f6 Core/Src/system_stm32l4xx.o
 .debug_info    0x0000000000003252       0x22 Core/Startup/startup_stm32l475vgtx.o
 .debug_info    0x0000000000003274      0xbda Drivers/STM32L4xx_HAL_Driver/Src/stm32l4xx_hal.o
 .debug_info    0x0000000000003e4e      0xf36 Drivers/STM32L4xx_HAL_Driver/Src/stm32l4xx_hal_cortex.o
 .debug_info    0x0000000000004d84      0x982 Drivers/STM32L4xx_HAL_Driver/Src/stm32l4xx_hal_gpio.o
 .debug_info    0x0000000000005706     0x20dc Drivers/STM32L4xx_HAL_Driver/Src/stm32l4xx_hal_i2c.o
 .debug_info    0x00000000000077e2      0xb41 Drivers/STM32L4xx_HAL_Driver/Src/stm32l4xx_hal_i2c_ex.o
 .debug_info    0x0000000000008323      0xb04 Drivers/STM32L4xx_HAL_Driver/Src/stm32l4xx_hal_pwr_ex.o
 .debug_info    0x0000000000008e27      0xcfe Drivers/STM32L4xx_HAL_Driver/Src/stm32l4xx_hal_rcc.o
 .debug_info    0x0000000000009b25      0xf10 Drivers/STM32L4xx_HAL_Driver/Src/stm32l4xx_hal_rcc_ex.o
 .debug_info    0x000000000000aa35     0x266f Drivers/STM32L4xx_HAL_Driver/Src/stm32l4xx_hal_tim.o
 .debug_info    0x000000000000d0a4     0x13d8 Drivers/STM32L4xx_HAL_Driver/Src/stm32l4xx_hal_tim_ex.o
 .debug_info    0x000000000000e47c     0x180e Drivers/STM32L4xx_HAL_Driver/Src/stm32l4xx_hal_uart.o

.debug_abbrev   0x0000000000000000     0x1e01
 .debug_abbrev  0x0000000000000000      0x290 Core/Src/main.o
 .debug_abbrev  0x0000000000000290      0x1fa Core/Src/stm32l4xx_hal_msp.o
 .debug_abbrev  0x000000000000048a       0xe2 Core/Src/stm32l4xx_it.o
 .debug_abbrev  0x000000000000056c      0x150 Core/Src/system_stm32l4xx.o
 .debug_abbrev  0x00000000000006bc       0x12 Core/Startup/startup_stm32l475vgtx.o
 .debug_abbrev  0x00000000000006ce      0x1fb Drivers/STM32L4xx_HAL_Driver/Src/stm32l4xx_hal.o
 .debug_abbrev  0x00000000000008c9      0x2fa Drivers/STM32L4xx_HAL_Driver/Src/stm32l4xx_hal_cortex.o
 .debug_abbrev  0x0000000000000bc3      0x1c0 Drivers/STM32L4xx_HAL_Driver/Src/stm32l4xx_hal_gpio.o
 .debug_abbrev  0x0000000000000d83      0x22a Drivers/STM32L4xx_HAL_Driver/Src/stm32l4xx_hal_i2c.o
 .debug_abbrev  0x0000000000000fad      0x1b9 Drivers/STM32L4xx_HAL_Driver/Src/stm32l4xx_hal_i2c_ex.o
 .debug_abbrev  0x0000000000001166      0x1cb Drivers/STM32L4xx_HAL_Driver/Src/stm32l4xx_hal_pwr_ex.o
 .debug_abbrev  0x0000000000001331      0x245 Drivers/STM32L4xx_HAL_Driver/Src/stm32l4xx_hal_rcc.o
 .debug_abbrev  0x0000000000001576      0x238 Drivers/STM32L4xx_HAL_Driver/Src/stm32l4xx_hal_rcc_ex.o
 .debug_abbrev  0x00000000000017ae      0x230 Drivers/STM32L4xx_HAL_Driver/Src/stm32l4xx_hal_tim.o
 .debug_abbrev  0x00000000000019de      0x21e Drivers/STM32L4xx_HAL_Driver/Src/stm32l4xx_hal_tim_ex.o
 .debug_abbrev  0x0000000000001bfc      0x205 Drivers/STM32L4xx_HAL_Driver/Src/stm32l4xx_hal_uart.o

.debug_aranges  0x0000000000000000     0x10c0
 .debug_aranges
                0x0000000000000000       0x78 Core/Src/main.o
 .debug_aranges
                0x0000000000000078       0x58 Core/Src/stm32l4xx_hal_msp.o
 .debug_aranges
                0x00000000000000d0       0x60 Core/Src/stm32l4xx_it.o
 .debug_aranges
                0x0000000000000130       0x28 Core/Src/system_stm32l4xx.o
 .debug_aranges
                0x0000000000000158       0x28 Core/Startup/startup_stm32l475vgtx.o
 .debug_aranges
                0x0000000000000180      0x130 Drivers/STM32L4xx_HAL_Driver/Src/stm32l4xx_hal.o
 .debug_aranges
                0x00000000000002b0      0x118 Drivers/STM32L4xx_HAL_Driver/Src/stm32l4xx_hal_cortex.o
 .debug_aranges
                0x00000000000003c8       0x58 Drivers/STM32L4xx_HAL_Driver/Src/stm32l4xx_hal_gpio.o
 .debug_aranges
                0x0000000000000420      0x290 Drivers/STM32L4xx_HAL_Driver/Src/stm32l4xx_hal_i2c.o
 .debug_aranges
                0x00000000000006b0       0x48 Drivers/STM32L4xx_HAL_Driver/Src/stm32l4xx_hal_i2c_ex.o
 .debug_aranges
                0x00000000000006f8      0x150 Drivers/STM32L4xx_HAL_Driver/Src/stm32l4xx_hal_pwr_ex.o
 .debug_aranges
                0x0000000000000848       0x88 Drivers/STM32L4xx_HAL_Driver/Src/stm32l4xx_hal_rcc.o
 .debug_aranges
                0x00000000000008d0       0xc0 Drivers/STM32L4xx_HAL_Driver/Src/stm32l4xx_hal_rcc_ex.o
 .debug_aranges
                0x0000000000000990      0x3b8 Drivers/STM32L4xx_HAL_Driver/Src/stm32l4xx_hal_tim.o
 .debug_aranges
                0x0000000000000d48      0x168 Drivers/STM32L4xx_HAL_Driver/Src/stm32l4xx_hal_tim_ex.o
 .debug_aranges
                0x0000000000000eb0      0x210 Drivers/STM32L4xx_HAL_Driver/Src/stm32l4xx_hal_uart.o

.debug_ranges   0x0000000000000000      0xfc8
 .debug_ranges  0x0000000000000000       0x68 Core/Src/main.o
 .debug_ranges  0x0000000000000068       0x48 Core/Src/stm32l4xx_hal_msp.o
 .debug_ranges  0x00000000000000b0       0x50 Core/Src/stm32l4xx_it.o
 .debug_ranges  0x0000000000000100       0x18 Core/Src/system_stm32l4xx.o
 .debug_ranges  0x0000000000000118       0x20 Core/Startup/startup_stm32l475vgtx.o
 .debug_ranges  0x0000000000000138      0x120 Drivers/STM32L4xx_HAL_Driver/Src/stm32l4xx_hal.o
 .debug_ranges  0x0000000000000258      0x108 Drivers/STM32L4xx_HAL_Driver/Src/stm32l4xx_hal_cortex.o
 .debug_ranges  0x0000000000000360       0x48 Drivers/STM32L4xx_HAL_Driver/Src/stm32l4xx_hal_gpio.o
 .debug_ranges  0x00000000000003a8      0x280 Drivers/STM32L4xx_HAL_Driver/Src/stm32l4xx_hal_i2c.o
 .debug_ranges  0x0000000000000628       0x38 Drivers/STM32L4xx_HAL_Driver/Src/stm32l4xx_hal_i2c_ex.o
 .debug_ranges  0x0000000000000660      0x140 Drivers/STM32L4xx_HAL_Driver/Src/stm32l4xx_hal_pwr_ex.o
 .debug_ranges  0x00000000000007a0       0x78 Drivers/STM32L4xx_HAL_Driver/Src/stm32l4xx_hal_rcc.o
 .debug_ranges  0x0000000000000818       0xb0 Drivers/STM32L4xx_HAL_Driver/Src/stm32l4xx_hal_rcc_ex.o
 .debug_ranges  0x00000000000008c8      0x3a8 Drivers/STM32L4xx_HAL_Driver/Src/stm32l4xx_hal_tim.o
 .debug_ranges  0x0000000000000c70      0x158 Drivers/STM32L4xx_HAL_Driver/Src/stm32l4xx_hal_tim_ex.o
 .debug_ranges  0x0000000000000dc8      0x200 Drivers/STM32L4xx_HAL_Driver/Src/stm32l4xx_hal_uart.o

.debug_macro    0x0000000000000000    0x25f97
 .debug_macro   0x0000000000000000      0x1f3 Core/Src/main.o
 .debug_macro   0x00000000000001f3      0xa5a Core/Src/main.o
 .debug_macro   0x0000000000000c4d       0xc0 Core/Src/main.o
 .debug_macro   0x0000000000000d0d       0x2e Core/Src/main.o
 .debug_macro   0x0000000000000d3b       0x28 Core/Src/main.o
 .debug_macro   0x0000000000000d63       0x22 Core/Src/main.o
 .debug_macro   0x0000000000000d85       0x8e Core/Src/main.o
 .debug_macro   0x0000000000000e13       0x51 Core/Src/main.o
 .debug_macro   0x0000000000000e64       0xef Core/Src/main.o
 .debug_macro   0x0000000000000f53       0x6a Core/Src/main.o
 .debug_macro   0x0000000000000fbd      0x1df Core/Src/main.o
 .debug_macro   0x000000000000119c       0x1c Core/Src/main.o
 .debug_macro   0x00000000000011b8       0x22 Core/Src/main.o
 .debug_macro   0x00000000000011da       0xdf Core/Src/main.o
 .debug_macro   0x00000000000012b9     0x102d Core/Src/main.o
 .debug_macro   0x00000000000022e6      0x11f Core/Src/main.o
 .debug_macro   0x0000000000002405    0x19db6 Core/Src/main.o
 .debug_macro   0x000000000001c1bb       0x43 Core/Src/main.o
 .debug_macro   0x000000000001c1fe     0x3890 Core/Src/main.o
 .debug_macro   0x000000000001fa8e      0x174 Core/Src/main.o
 .debug_macro   0x000000000001fc02       0x5c Core/Src/main.o
 .debug_macro   0x000000000001fc5e     0x1519 Core/Src/main.o
 .debug_macro   0x0000000000021177      0x59e Core/Src/main.o
 .debug_macro   0x0000000000021715      0x241 Core/Src/main.o
 .debug_macro   0x0000000000021956      0x13d Core/Src/main.o
 .debug_macro   0x0000000000021a93      0x17d Core/Src/main.o
 .debug_macro   0x0000000000021c10      0x26b Core/Src/main.o
 .debug_macro   0x0000000000021e7b      0x23d Core/Src/main.o
 .debug_macro   0x00000000000220b8      0x37c Core/Src/main.o
 .debug_macro   0x0000000000022434       0xd6 Core/Src/main.o
 .debug_macro   0x000000000002250a      0x22c Core/Src/main.o
 .debug_macro   0x0000000000022736       0x5e Core/Src/main.o
 .debug_macro   0x0000000000022794       0xa5 Core/Src/main.o
 .debug_macro   0x0000000000022839      0x122 Core/Src/main.o
 .debug_macro   0x000000000002295b      0x3e9 Core/Src/main.o
 .debug_macro   0x0000000000022d44      0xa44 Core/Src/main.o
 .debug_macro   0x0000000000023788      0x1e7 Core/Src/main.o
 .debug_macro   0x000000000002396f      0x59e Core/Src/main.o
 .debug_macro   0x0000000000023f0d       0x44 Core/Src/main.o
 .debug_macro   0x0000000000023f51      0x34a Core/Src/main.o
 .debug_macro   0x000000000002429b      0x1f3 Core/Src/stm32l4xx_hal_msp.o
 .debug_macro   0x000000000002448e      0x1fd Core/Src/stm32l4xx_it.o
 .debug_macro   0x000000000002468b      0x1ef Core/Src/system_stm32l4xx.o
 .debug_macro   0x000000000002487a      0x237 Drivers/STM32L4xx_HAL_Driver/Src/stm32l4xx_hal.o
 .debug_macro   0x0000000000024ab1      0x1e9 Drivers/STM32L4xx_HAL_Driver/Src/stm32l4xx_hal_cortex.o
 .debug_macro   0x0000000000024c9a      0x228 Drivers/STM32L4xx_HAL_Driver/Src/stm32l4xx_hal_gpio.o
 .debug_macro   0x0000000000024ec2      0x2ae Drivers/STM32L4xx_HAL_Driver/Src/stm32l4xx_hal_i2c.o
 .debug_macro   0x0000000000025170      0x1e9 Drivers/STM32L4xx_HAL_Driver/Src/stm32l4xx_hal_i2c_ex.o
 .debug_macro   0x0000000000025359      0x20d Drivers/STM32L4xx_HAL_Driver/Src/stm32l4xx_hal_pwr_ex.o
 .debug_macro   0x0000000000025566      0x22b Drivers/STM32L4xx_HAL_Driver/Src/stm32l4xx_hal_rcc.o
 .debug_macro   0x0000000000025791      0x21f Drivers/STM32L4xx_HAL_Driver/Src/stm32l4xx_hal_rcc_ex.o
 .debug_macro   0x00000000000259b0      0x1ea Drivers/STM32L4xx_HAL_Driver/Src/stm32l4xx_hal_tim.o
 .debug_macro   0x0000000000025b9a      0x1e9 Drivers/STM32L4xx_HAL_Driver/Src/stm32l4xx_hal_tim_ex.o
 .debug_macro   0x0000000000025d83      0x214 Drivers/STM32L4xx_HAL_Driver/Src/stm32l4xx_hal_uart.o

.debug_line     0x0000000000000000     0xbdbd
 .debug_line    0x0000000000000000      0x86e Core/Src/main.o
 .debug_line    0x000000000000086e      0x7c6 Core/Src/stm32l4xx_hal_msp.o
 .debug_line    0x0000000000001034      0x7b1 Core/Src/stm32l4xx_it.o
 .debug_line    0x00000000000017e5      0x738 Core/Src/system_stm32l4xx.o
 .debug_line    0x0000000000001f1d       0x85 Core/Startup/startup_stm32l475vgtx.o
 .debug_line    0x0000000000001fa2      0x9ab Drivers/STM32L4xx_HAL_Driver/Src/stm32l4xx_hal.o
 .debug_line    0x000000000000294d      0xa34 Drivers/STM32L4xx_HAL_Driver/Src/stm32l4xx_hal_cortex.o
 .debug_line    0x0000000000003381      0x8cb Drivers/STM32L4xx_HAL_Driver/Src/stm32l4xx_hal_gpio.o
 .debug_line    0x0000000000003c4c     0x1aed Drivers/STM32L4xx_HAL_Driver/Src/stm32l4xx_hal_i2c.o
 .debug_line    0x0000000000005739      0x851 Drivers/STM32L4xx_HAL_Driver/Src/stm32l4xx_hal_i2c_ex.o
 .debug_line    0x0000000000005f8a      0xac2 Drivers/STM32L4xx_HAL_Driver/Src/stm32l4xx_hal_pwr_ex.o
 .debug_line    0x0000000000006a4c      0xa25 Drivers/STM32L4xx_HAL_Driver/Src/stm32l4xx_hal_rcc.o
 .debug_line    0x0000000000007471      0xcbb Drivers/STM32L4xx_HAL_Driver/Src/stm32l4xx_hal_rcc_ex.o
 .debug_line    0x000000000000812c     0x1ba8 Drivers/STM32L4xx_HAL_Driver/Src/stm32l4xx_hal_tim.o
 .debug_line    0x0000000000009cd4      0xe1c Drivers/STM32L4xx_HAL_Driver/Src/stm32l4xx_hal_tim_ex.o
 .debug_line    0x000000000000aaf0     0x12cd Drivers/STM32L4xx_HAL_Driver/Src/stm32l4xx_hal_uart.o

.debug_str      0x0000000000000000    0xee20b
 .debug_str     0x0000000000000000    0xe9a46 Core/Src/main.o
                                      0xe9e59 (size before relaxing)
 .debug_str     0x00000000000e9a46      0x130 Core/Src/stm32l4xx_hal_msp.o
                                      0xe99da (size before relaxing)
 .debug_str     0x00000000000e9b76       0xbd Core/Src/stm32l4xx_it.o
                                      0xe8f97 (size before relaxing)
 .debug_str     0x00000000000e9c33       0xcd Core/Src/system_stm32l4xx.o
                                      0xe90ec (size before relaxing)
 .debug_str     0x00000000000e9d00       0x36 Core/Startup/startup_stm32l475vgtx.o
                                         0x74 (size before relaxing)
 .debug_str     0x00000000000e9d36      0x9d7 Drivers/STM32L4xx_HAL_Driver/Src/stm32l4xx_hal.o
                                      0xe9bba (size before relaxing)
 .debug_str     0x00000000000ea70d      0x392 Drivers/STM32L4xx_HAL_Driver/Src/stm32l4xx_hal_cortex.o
                                      0xe9936 (size before relaxing)
 .debug_str     0x00000000000eaa9f      0x252 Drivers/STM32L4xx_HAL_Driver/Src/stm32l4xx_hal_gpio.o
                                      0xe936b (size before relaxing)
 .debug_str     0x00000000000eacf1      0xd44 Drivers/STM32L4xx_HAL_Driver/Src/stm32l4xx_hal_i2c.o
                                      0xea1fd (size before relaxing)
 .debug_str     0x00000000000eba35       0xb8 Drivers/STM32L4xx_HAL_Driver/Src/stm32l4xx_hal_i2c_ex.o
                                      0xe95f5 (size before relaxing)
 .debug_str     0x00000000000ebaed      0x4b4 Drivers/STM32L4xx_HAL_Driver/Src/stm32l4xx_hal_pwr_ex.o
                                      0xe9607 (size before relaxing)
 .debug_str     0x00000000000ebfa1      0x3aa Drivers/STM32L4xx_HAL_Driver/Src/stm32l4xx_hal_rcc.o
                                      0xe96ae (size before relaxing)
 .debug_str     0x00000000000ec34b      0x3a6 Drivers/STM32L4xx_HAL_Driver/Src/stm32l4xx_hal_rcc_ex.o
                                      0xe983f (size before relaxing)
 .debug_str     0x00000000000ec6f1      0xd26 Drivers/STM32L4xx_HAL_Driver/Src/stm32l4xx_hal_tim.o
                                      0xea166 (size before relaxing)
 .debug_str     0x00000000000ed417      0x5b0 Drivers/STM32L4xx_HAL_Driver/Src/stm32l4xx_hal_tim_ex.o
                                      0xe9a87 (size before relaxing)
 .debug_str     0x00000000000ed9c7      0x844 Drivers/STM32L4xx_HAL_Driver/Src/stm32l4xx_hal_uart.o
                                      0xe9cb6 (size before relaxing)

.comment        0x0000000000000000       0x7b
 .comment       0x0000000000000000       0x7b Core/Src/main.o
                                         0x7c (size before relaxing)
 .comment       0x000000000000007b       0x7c Core/Src/stm32l4xx_hal_msp.o
 .comment       0x000000000000007b       0x7c Core/Src/stm32l4xx_it.o
 .comment       0x000000000000007b       0x7c Core/Src/system_stm32l4xx.o
 .comment       0x000000000000007b       0x7c Drivers/STM32L4xx_HAL_Driver/Src/stm32l4xx_hal.o
 .comment       0x000000000000007b       0x7c Drivers/STM32L4xx_HAL_Driver/Src/stm32l4xx_hal_cortex.o
 .comment       0x000000000000007b       0x7c Drivers/STM32L4xx_HAL_Driver/Src/stm32l4xx_hal_gpio.o
 .comment       0x000000000000007b       0x7c Drivers/STM32L4xx_HAL_Driver/Src/stm32l4xx_hal_i2c.o
 .comment       0x000000000000007b       0x7c Drivers/STM32L4xx_HAL_Driver/Src/stm32l4xx_hal_i2c_ex.o
 .comment       0x000000000000007b       0x7c Drivers/STM32L4xx_HAL_Driver/Src/stm32l4xx_hal_pwr_ex.o
 .comment       0x000000000000007b       0x7c Drivers/STM32L4xx_HAL_Driver/Src/stm32l4xx_hal_rcc.o
 .comment       0x000000000000007b       0x7c Drivers/STM32L4xx_HAL_Driver/Src/stm32l4xx_hal_rcc_ex.o
 .comment       0x000000000000007b       0x7c Drivers/STM32L4xx_HAL_Driver/Src/stm32l4xx_hal_tim.o
 .comment       0x000000000000007b       0x7c Drivers/STM32L4xx_HAL_Driver/Src/stm32l4xx_hal_tim_ex.o
 .comment       0x000000000000007b       0x7c Drivers/STM32L4xx_HAL_Driver/Src/stm32l4xx_hal_uart.o

.debug_frame    0x0000000000000000     0x48b4
 .debug_frame   0x0000000000000000      0x1bc Core/Src/main.o
 .debug_frame   0x00000000000001bc      0x13c Core/Src/stm32l4xx_hal_msp.o
 .debug_frame   0x00000000000002f8      0x10c Core/Src/stm32l4xx_it.o
 .debug_frame   0x0000000000000404       0x58 Core/Src/system_stm32l4xx.o
 .debug_frame   0x000000000000045c      0x498 Drivers/STM32L4xx_HAL_Driver/Src/stm32l4xx_hal.o
 .debug_frame   0x00000000000008f4      0x498 Drivers/STM32L4xx_HAL_Driver/Src/stm32l4xx_hal_cortex.o
 .debug_frame   0x0000000000000d8c      0x14c Drivers/STM32L4xx_HAL_Driver/Src/stm32l4xx_hal_gpio.o
 .debug_frame   0x0000000000000ed8      0xbe8 Drivers/STM32L4xx_HAL_Driver/Src/stm32l4xx_hal_i2c.o
 .debug_frame   0x0000000000001ac0      0x100 Drivers/STM32L4xx_HAL_Driver/Src/stm32l4xx_hal_i2c_ex.o
 .debug_frame   0x0000000000001bc0      0x544 Drivers/STM32L4xx_HAL_Driver/Src/stm32l4xx_hal_pwr_ex.o
 .debug_frame   0x0000000000002104      0x1f4 Drivers/STM32L4xx_HAL_Driver/Src/stm32l4xx_hal_rcc.o
 .debug_frame   0x00000000000022f8      0x2fc Drivers/STM32L4xx_HAL_Driver/Src/stm32l4xx_hal_rcc_ex.o
 .debug_frame   0x00000000000025f4     0x1148 Drivers/STM32L4xx_HAL_Driver/Src/stm32l4xx_hal_tim.o
 .debug_frame   0x000000000000373c      0x638 Drivers/STM32L4xx_HAL_Driver/Src/stm32l4xx_hal_tim_ex.o
 .debug_frame   0x0000000000003d74      0x974 Drivers/STM32L4xx_HAL_Driver/Src/stm32l4xx_hal_uart.o
 .debug_frame   0x00000000000046e8       0x2c c:/st/stm32cubeide_1.3.0/stm32cubeide/plugins/com.st.stm32cube.ide.mcu.externaltools.gnu-tools-for-stm32.7-2018-q2-update.win32_1.0.0.201904181610/tools/bin/../lib/gcc/arm-none-eabi/7.3.1/../../../../arm-none-eabi/lib/thumb/v7e-m/fpv4-sp/hard\libc_nano.a(lib_a-init.o)
 .debug_frame   0x0000000000004714       0x20 c:/st/stm32cubeide_1.3.0/stm32cubeide/plugins/com.st.stm32cube.ide.mcu.externaltools.gnu-tools-for-stm32.7-2018-q2-update.win32_1.0.0.201904181610/tools/bin/../lib/gcc/arm-none-eabi/7.3.1/../../../../arm-none-eabi/lib/thumb/v7e-m/fpv4-sp/hard\libc_nano.a(lib_a-memset.o)
 .debug_frame   0x0000000000004734       0xac c:/st/stm32cubeide_1.3.0/stm32cubeide/plugins/com.st.stm32cube.ide.mcu.externaltools.gnu-tools-for-stm32.7-2018-q2-update.win32_1.0.0.201904181610/tools/bin/../lib/gcc/arm-none-eabi/7.3.1/thumb/v7e-m/fpv4-sp/hard\libgcc.a(_arm_addsubdf3.o)
 .debug_frame   0x00000000000047e0       0x50 c:/st/stm32cubeide_1.3.0/stm32cubeide/plugins/com.st.stm32cube.ide.mcu.externaltools.gnu-tools-for-stm32.7-2018-q2-update.win32_1.0.0.201904181610/tools/bin/../lib/gcc/arm-none-eabi/7.3.1/thumb/v7e-m/fpv4-sp/hard\libgcc.a(_arm_muldivdf3.o)
 .debug_frame   0x0000000000004830       0x24 c:/st/stm32cubeide_1.3.0/stm32cubeide/plugins/com.st.stm32cube.ide.mcu.externaltools.gnu-tools-for-stm32.7-2018-q2-update.win32_1.0.0.201904181610/tools/bin/../lib/gcc/arm-none-eabi/7.3.1/thumb/v7e-m/fpv4-sp/hard\libgcc.a(_arm_fixdfsi.o)
 .debug_frame   0x0000000000004854       0x2c c:/st/stm32cubeide_1.3.0/stm32cubeide/plugins/com.st.stm32cube.ide.mcu.externaltools.gnu-tools-for-stm32.7-2018-q2-update.win32_1.0.0.201904181610/tools/bin/../lib/gcc/arm-none-eabi/7.3.1/thumb/v7e-m/fpv4-sp/hard\libgcc.a(_aeabi_uldivmod.o)
 .debug_frame   0x0000000000004880       0x34 c:/st/stm32cubeide_1.3.0/stm32cubeide/plugins/com.st.stm32cube.ide.mcu.externaltools.gnu-tools-for-stm32.7-2018-q2-update.win32_1.0.0.201904181610/tools/bin/../lib/gcc/arm-none-eabi/7.3.1/thumb/v7e-m/fpv4-sp/hard\libgcc.a(_udivmoddi4.o)
